adr new First Record
doc/adr/0001-first-record.adoc
adr new Second Record
doc/adr/0002-second-record.adoc
adr new -l "1:Amends:Amended by" -l "2:Clarifies:Clarified by" Third Record
doc/adr/0003-third-record.adoc
head -12 doc/adr/0001-first-record.adoc
# 1. First Record

Date: 1992-01-12

## Status

Accepted

Amended by [3. Third Record](0003-third-record.adoc)

## Context

head -12 doc/adr/0002-second-record.adoc
# 2. Second Record

Date: 1992-01-12

## Status

Accepted

Clarified by [3. Third Record](0003-third-record.adoc)

## Context

head -14 doc/adr/0003-third-record.adoc
# 3. Third Record

Date: 1992-01-12

## Status

Accepted

Amends [1. First Record](0001-first-record.adoc)

Clarifies [2. Second Record](0002-second-record.adoc)

## Context

